Starting scrape test...
Scraped 0 results.
